// Jest Snapshot v1, https://goo.gl/fbAQLP

exports[`Stacker works when can get correct result in example 1 1`] = `
SupplyStack {
  "m": {
    "1": [
      "C",
    ],
    "2": [
      "M",
    ],
    "3": [
      "P",
      "D",
      "N",
      "Z",
    ],
  },
}
`;

exports[`Stacker works when can get correct result in example 2 1`] = `
SupplyStack {
  "m": {
    "1": [
      "M",
    ],
    "2": [
      "C",
    ],
    "3": [
      "P",
      "Z",
      "N",
      "D",
    ],
  },
}
`;

exports[`Stacker works when can parse the example 1`] = `
SupplyStack {
  "m": {
    "1": [
      "Z",
      "N",
    ],
    "2": [
      "M",
      "C",
      "D",
    ],
    "3": [
      "P",
    ],
  },
}
`;

exports[`Stacker works when can parse the example 2`] = `
[
  {
    "amount": 1,
    "from": 2,
    "to": 1,
  },
  {
    "amount": 3,
    "from": 1,
    "to": 3,
  },
  {
    "amount": 2,
    "from": 2,
    "to": 1,
  },
  {
    "amount": 1,
    "from": 1,
    "to": 2,
  },
]
`;
